Microsoft (R) Macro Assembler Version 6.11		    03/25/20 00:08:35
tempfile.asm						     Page 1 - 1


 0000				DATAS SEGMENT
 0000 00			    FLAG DB 0			;num转asc的标识
 0001 54 65 6E 20 6E 61		    HINT DB 'Ten natural number with different difference:$' ;提示
       74 75 72 61 6C 20
       6E 75 6D 62 65 72
       20 77 69 74 68 20
       64 69 66 66 65 72
       65 6E 74 20 64 69
       66 66 65 72 65 6E
       63 65 3A 24
 002F				DATAS ENDS

 0000				STACKS SEGMENT

 0000				STACKS ENDS

 0000				CODES SEGMENT
				    ASSUME CS:CODES,DS:DATAS,SS:STACKS
 0000				START:
 0000  B8 ---- R		    MOV AX,DATAS
 0003  8E D8			    MOV DS,AX
					
 0005  8D 16 0001 R			LEA DX,HINT ;给出提示
 0009  B4 09				MOV AH,09
 000B  CD 21				INT 21H
 000D  BA 000A				MOV DX,10	;换行
 0010  B4 02				MOV AH,02
 0012  CD 21				INT 21H
					
					
 0014  B8 0000				MOV AX,0	
 0017  E8 001D				CALL NUM	;输出
 001A  B8 0001				MOV AX,1
 001D  B9 0008				MOV CX,8	;循环次数
 0020  50				PUSH AX		;压栈保护
 0021  51				PUSH CX
 0022  E8 0012				CALL NUM
 0025  59				POP CX
 0026  58				POP AX
					
 0027				MAIN:
 0027  03 C0				ADD AX,AX	;加上到0，是目前的最大差值
 0029  40				INC AX		;再加1，这个差不可能出现过
 002A  50				PUSH AX
 002B  51				PUSH CX
 002C  E8 0008				CALL NUM
 002F  59				POP CX
 0030  58				POP AX
 0031  E2 F4			LOOP MAIN
				   
 0033				EXIT: ;程序出口
 0033  B4 4C			    MOV AH,4CH
 0035  CD 21			    INT 21H
				    
				; Num转ASC码子程序
 0037				NUM:         
				    ;待转换数放置于AX寄存器中     
 0037  BB 2710			    mov bx,10000		;初始数位权值为10000
				    
 003A  33 D2			cov:xor dx,dx			;将dx:ax中的数值除以权值
 003C  F7 F3				div bx
 003E  8B CA				mov cx,dx			;余数备份到CX寄存器中
					
 0040  80 3E 0000 R 00			cmp flag,0			;检测是否曾遇到非0商值
 0045  75 05				jne nor1			;如遇到过，则不管商是否为0都输出显示
 0047  83 F8 00				cmp ax,0			;如未遇到过，则检测商是否为0
 004A  74 0E				je cont				;为0则不输出显示
					
 004C				nor1:
 004C  8A D0				mov dl,al			;将商转换为ascii码输出显示
 004E  80 C2 30				add dl,30h
 0051  B4 02				mov ah,2
 0053  CD 21				int 21h
					
 0055  C6 06 0000 R 01			mov flag,1			;曾遇到非0商，则将标志置1
					
 005A				cont:
 005A  83 FB 0A				cmp bx,10			;检测权值是否已经修改到十位了
 005D  74 0F				je outer			;如果相等，则完成最后的个位数输出显示
					
 005F  33 D2				xor dx,dx			;将数位权值除以10
 0061  8B C3				mov ax,bx
 0063  BB 000A				mov bx,10
 0066  F7 F3			    div bx
 0068  8B D8			    mov bx,ax
				    
 006A  8B C1			    mov ax,cx			;将备份的余数送入AX
 006C  EB CC			    jmp cov    			;继续循环
				   
 006E				outer:
 006E  8A D1				mov dl,cl			;最后的个位数变为ascii码输出显示
 0070  80 C2 30				add dl,30h
 0073  B4 02				mov ah,2
 0075  CD 21				int 21h  

 0077				space:					;输出一个空格
 0077  B8 0020				mov ax,32 			;空格
 007A  8A D0				mov dl,al
 007C  B4 02				mov ah,2
 007E  CD 21				int 21h
 0080  C6 06 0000 R 00			MOV FLAG,0			;还原
 0085  C3			RET

 0086				CODES ENDS
				    END START




Microsoft (R) Macro Assembler Version 6.11		    03/25/20 00:08:35
tempfile.asm						     Symbols 2 - 1




Segments and Groups:

                N a m e                 Size     Length   Align   Combine Class

CODES  . . . . . . . . . . . . .	16 Bit	 0086	  Para	  Private 
DATAS  . . . . . . . . . . . . .	16 Bit	 002F	  Para	  Private 
STACKS . . . . . . . . . . . . .	16 Bit	 0000	  Para	  Private 


Symbols:

                N a m e                 Type     Value    Attr

EXIT . . . . . . . . . . . . . .	L Near	 0033	  CODES	
FLAG . . . . . . . . . . . . . .	Byte	 0000	  DATAS	
HINT . . . . . . . . . . . . . .	Byte	 0001	  DATAS	
MAIN . . . . . . . . . . . . . .	L Near	 0027	  CODES	
NUM  . . . . . . . . . . . . . .	L Near	 0037	  CODES	
START  . . . . . . . . . . . . .	L Near	 0000	  CODES	
cont . . . . . . . . . . . . . .	L Near	 005A	  CODES	
cov  . . . . . . . . . . . . . .	L Near	 003A	  CODES	
nor1 . . . . . . . . . . . . . .	L Near	 004C	  CODES	
outer  . . . . . . . . . . . . .	L Near	 006E	  CODES	
space  . . . . . . . . . . . . .	L Near	 0077	  CODES	

	   0 Warnings
	   0 Errors
